// Jest Snapshot v1, https://goo.gl/fbAQLP

exports[`AppHeader Page matches snapshot 1`] = `ShallowWrapper {}`;
