// Jest Snapshot v1, https://goo.gl/fbAQLP

exports[`LoginButton Page matches snapshot 1`] = `ShallowWrapper {}`;
