// Jest Snapshot v1, https://goo.gl/fbAQLP

exports[`LoginForm Page matches snapshot 1`] = `ShallowWrapper {}`;
