// Jest Snapshot v1, https://goo.gl/fbAQLP

exports[`Navigation Page matches snapshot 1`] = `ShallowWrapper {}`;
