// Jest Snapshot v1, https://goo.gl/fbAQLP

exports[`SearchBar Page matches snapshot 1`] = `ShallowWrapper {}`;
