// Jest Snapshot v1, https://goo.gl/fbAQLP

exports[`Bookings Page matches snapshot 1`] = `ShallowWrapper {}`;
