// Jest Snapshot v1, https://goo.gl/fbAQLP

exports[`CustomerVehicles Page matches snapshot 1`] = `ShallowWrapper {}`;
