// Jest Snapshot v1, https://goo.gl/fbAQLP

exports[`Home Page matches snapshot 1`] = `ShallowWrapper {}`;
