// Jest Snapshot v1, https://goo.gl/fbAQLP

exports[`Login Page matches snapshot 1`] = `ShallowWrapper {}`;
