// Jest Snapshot v1, https://goo.gl/fbAQLP

exports[`ProfilePage Page matches snapshot 1`] = `ShallowWrapper {}`;
