// Jest Snapshot v1, https://goo.gl/fbAQLP

exports[`Settings Page matches snapshot 1`] = `ShallowWrapper {}`;
