// Jest Snapshot v1, https://goo.gl/fbAQLP

exports[`Users Page matches snapshot 1`] = `ShallowWrapper {}`;
