// Jest Snapshot v1, https://goo.gl/fbAQLP

exports[`VehicleType Page matches snapshot 1`] = `ShallowWrapper {}`;
