// Jest Snapshot v1, https://goo.gl/fbAQLP

exports[`Vehicles Page matches snapshot 1`] = `ShallowWrapper {}`;
